Test output

Batch 0
Perf train: 24.771085739135742
Perf val: 23.653749465942383
Sparsity 0: 0.5247211456298828
Check similarity 0: 0.9986000061035156
Batch 1
Perf train: 27.63780403137207
Perf val: 25.80722427368164
Sparsity 1: 0.45677250623703003
Check similarity 1: 0.9978057742118835
Batch 2
Perf train: 27.27465057373047
Perf val: 25.50433349609375
Sparsity 2: 0.41418254375457764
Check similarity 2: 0.9982833862304688
Batch 3
Perf train: 28.955041885375977
Perf val: 26.92252540588379
Sparsity 3: 0.45771366357803345
Check similarity 3: 0.9997040629386902
Batch 4
Perf train: 25.430526733398438
Perf val: 23.301097869873047
Sparsity 4: 0.46694865822792053
Check similarity 4: 0.9826333522796631
Batch 5
Perf train: 34.22460174560547
Perf val: 30.77211570739746
Sparsity 5: 0.46157577633857727
Check similarity 5: 0.9996455907821655
Batch 6
Perf train: 28.828214645385742
Perf val: 26.663930892944336
Sparsity 6: 0.39945849776268005
Check similarity 6: 0.9960110783576965
Batch 7
Perf train: 32.7698974609375
Perf val: 27.810157775878906
Sparsity 7: 0.5417101979255676
Check similarity 7: 0.9976227283477783
Batch 8
Perf train: 33.636722564697266
Perf val: 28.988134384155273
Sparsity 8: 0.5132914781570435
Check similarity 8: 0.9976425170898438
Batch 9
Perf train: 28.929931640625
Perf val: 26.46985626220703
Sparsity 9: 0.4983402192592621
Check similarity 9: 0.9981575012207031
Batch 10
Perf train: 30.910341262817383
Perf val: 27.83700942993164
Sparsity 10: 0.44245490431785583
Check similarity 10: 0.9953079223632812
Batch 11
Perf train: 33.67318344116211
Perf val: 29.268169403076172
Sparsity 11: 0.48718923330307007
Check similarity 11: 0.9993438720703125
Batch 12
Perf train: 26.060922622680664
Perf val: 23.388023376464844
Sparsity 12: 0.4503798186779022
Check similarity 12: 0.9726504683494568
Batch 13
Perf train: 28.5491943359375
Perf val: 25.240272521972656
Sparsity 13: 0.46102210879325867
Check similarity 13: 0.9884134531021118
